<html>
<body>
<pre>
<h1>µVision Build Log</h1>
<h2>Tool Versions:</h2>
IDE-Version: µVision V5.43.1.0
Copyright (C) 2025 ARM Ltd and ARM Germany GmbH. All rights reserved.
License Information: Diallo Aissatou Bobo, university, LIC=----
 
Tool Versions:
Toolchain:       MDK-Lite  Version: 5.43.0.0
Toolchain Path:  C:\Keil_v5\ARM\ARMCLANG\Bin
C Compiler:      ArmClang.exe V6.24
Assembler:       Armasm.exe V6.24
Linker/Locator:  ArmLink.exe V6.24
Library Manager: ArmAr.exe V6.24
Hex Converter:   FromElf.exe V6.24
CPU DLL:         SARMCM3.DLL V5.43.0.0
Dialog DLL:      DCM.DLL V1.17.5.0
Target DLL:      UL2CM3.DLL V1.164.16.0
Dialog DLL:      TCM.DLL V1.56.6.0
 
<h2>Project:</h2>
C:\Users\BOBO\Documents\UNI-BOURGOGNE\LICENCE 2\Semestre1\Arm_td\projet1.uvprojx
Project File Date:  11/14/2025

<h2>Output:</h2>
*** Using Compiler 'V6.24', folder: 'C:\Keil_v5\ARM\ARMCLANG\Bin'
Build target 'Target_1'
assembling Exo1.s...
compiling startup_ARMCM3.c...
compiling system_ARMCM3.c...
linking...
.\RTE\Device\ARMCM3\ARMCM3_ac6.sct(13): warning: L6314W: No section matches pattern *(InRoot$$Sections).
.\RTE\Device\ARMCM3\ARMCM3_ac6.sct(19): warning: L6314W: No section matches pattern *(.bss.noinit).
Program Size: Code=64 RO-data=960 RW-data=4 ZI-data=3584  
Finished: 0 information, 2 warning and 0 error messages.
FromELF: creating hex file...
".\Objects\projet1.axf" - 0 Error(s), 2 Warning(s).

<h2>Software Packages used:</h2>

Package Vendor: ARM
                https://www.keil.com/pack/ARM.CMSIS.6.2.0.pack
                ARM::CMSIS@6.2.0
                CMSIS (Common Microcontroller Software Interface Standard)
   * Component: CORE Version: 6.1.1

Package Vendor: ARM
                https://www.keil.com/pack/ARM.Cortex_DFP.1.1.0.pack
                ARM::Cortex_DFP@1.1.0
                ARM Cortex Reference Subsystems Device Family Pack
   * Component: Startup Variant: C Startup Version: 2.2.0

<h2>Collection of Component include folders:</h2>
  ./RTE/_Target_1
  C:/Keil_v5/Packs/ARM/CMSIS/6.2.0/CMSIS/Core/Include
  C:/Keil_v5/Packs/ARM/Cortex_DFP/1.1.0/Device/ARMCM3/Include

<h2>Collection of Component Files used:</h2>

   * Component: ARM::CMSIS:CORE@6.1.1

   * Component: ARM::Device:Startup&C Startup@2.2.0
      Include file:  Device/ARMCM3/Include/ARMCM3.h
      Source file:   Device/ARMCM3/Source/startup_ARMCM3.c
      Source file:   Device/ARMCM3/Source/system_ARMCM3.c
Build Time Elapsed:  00:00:01
</pre>
</body>
</html>
